Microchip MPLAB XC8 Compiler V2.41

Linker command line:

-W-3 \
  --edf=C:/Program Files/Microchip/MPLABX/v6.10/packs/Microchip/PIC16Fxxx_DFP/1.4.149/xc8\pic\dat\20230322214319_en.msgs \
  -cn -h+dist/default/debug\LCD16x2.X.debug.sym \
  --cmf=dist/default/debug\LCD16x2.X.debug.cmf -z -Q16F877A \
  -oC:\Users\Asus\AppData\Local\Temp\xcAsf20.\driver_tmp_3.o \
  --defsym=__MPLAB_BUILD=1 --fixupoverflow=error \
  -Mdist/default/debug/LCD16x2.X.debug.map \
  --md=C:\Users\Asus\AppData\Local\Temp\xcAsf20.\driver_tmp_0.dat -E1 \
  -ver=XC8 Compiler --acfsm=1493 -ACODE=00h-07FFhx3,01800h-01EFFh \
  -ASTRCODE=00h-01EFFh -ASTRING=00h-0FFhx31 -ACONST=00h-0FFhx31 \
  -AENTRY=00h-0FFhx31 -ACOMMON=071h-07Fh -ABANK0=020h-06Fh \
  -ABANK1=0A0h-0EFh -ABANK2=0110h-016Fh -ABANK3=0190h-01E4h \
  -ARAM=020h-06Fh,0A0h-0EFh,0110h-016Fh,0190h-01E4h \
  -AABS1=020h-07Fh,0A0h-0EFh,0110h-016Fh,0190h-01EFh -ASFR0=00h-01Fh \
  -ASFR1=080h-09Fh -ASFR2=0100h-010Fh -ASFR3=0180h-018Fh \
  -ACONFIG=02007h-02007h -DCONFIG=2 -AIDLOC=02000h-02003h -DIDLOC=2 \
  -AEEDATA=00h-0FFh/02100h -peeprom_data=EEDATA -DEEDATA=2 -DCODE=2 \
  -DSTRCODE=2 -DSTRING=2 -DCONST=2 -DENTRY=2 \
  -preset_vec=00h,intentry,init,end_init -ppowerup=CODE -pcinit=CODE \
  -pfunctab=ENTRY -k \
  C:\Users\Asus\AppData\Local\Temp\xcAsf20.\driver_tmp_12.o \
  dist/default/debug\LCD16x2.X.debug.o 

Object code version is 3.11

Machine type is 16F877A



                Name                               Link     Load   Length Selector   Space Scale
C:\Users\Asus\AppData\Local\Temp\xcAsf20.\driver_tmp_12.o
                end_init                              1        1        3        0       0
                reset_vec                             0        0        1        0       0
                config                             2007     2007        1        0       4
dist/default/debug\LCD16x2.X.debug.o
                cinit                               7FC      7FC        4      FF8       0
                config                             2007     2007        1        0       4
                text4                               777      777       14      EEE       0
                text3                               79F      79F       19      F3E       0
                text2                               78B      78B       14      F16       0
                text1                               7B8      7B8       1B      F70       0
                maintext                            7D3      7D3       29      FA6       0
                cstackCOMMON                         71       71        6       71       1
                strings                               4        4       17        8       0

TOTAL           Name                               Link     Load   Length     Space
        CLASS   CODE           
                end_init                              1        1        3         0
                cinit                               7FC      7FC        4         0
                reset_vec                             0        0        1         0
                text4                               777      777       14         0
                text3                               79F      79F       19         0
                text2                               78B      78B       14         0
                text1                               7B8      7B8       1B         0
                maintext                            7D3      7D3       29         0

        CLASS   STRCODE        

        CLASS   STRING         
                strings                               4        4       17         0

        CLASS   CONST          

        CLASS   ENTRY          

        CLASS   COMMON         
                cstackCOMMON                         71       71        6         1

        CLASS   BANK0          

        CLASS   BANK1          

        CLASS   BANK2          

        CLASS   BANK3          

        CLASS   RAM            

        CLASS   ABS1           
                abs_s1                               7E       7E        2         1

        CLASS   SFR0           

        CLASS   SFR1           

        CLASS   SFR2           

        CLASS   SFR3           

        CLASS   CONFIG         
                config                             2007     2007        1         4

        CLASS   IDLOC          

        CLASS   EEDATA         

        CLASS   STACK          



SEGMENTS        Name                           Load    Length   Top    Selector   Space  Class     Delta

                reset_vec                      000000  000004  000004         0       0  CODE        2
                strings                        000004  000017  00001B         8       0  STRING      2
                cstackCOMMON                   000071  000006  000077        71       1  COMMON      1
                text4                          000777  000014  00078B       EEE       0  CODE        2
                text2                          00078B  000014  00079F       F16       0  CODE        2
                text3                          00079F  000019  0007B8       F3E       0  CODE        2
                text1                          0007B8  00001B  0007D3       F70       0  CODE        2
                maintext                       0007D3  000029  0007FC       FA6       0  CODE        2
                cinit                          0007FC  000004  000800       FF8       0  CODE        2


UNUSED ADDRESS RANGES

        Name                Unused          Largest block    Delta
        BANK0            0020-006F             50           1
        BANK1            00A0-00EF             50           1
        BANK2            0110-016F             60           1
        BANK3            0190-01E4             55           1
        CODE             001B-0776            75C           2
                         0800-1EFF            800
        COMMON           0077-007D              7           1
        CONST            001B-0776            100           2
                         0800-1EFF            100
        EEDATA           2100-21FF            100           2
        ENTRY            001B-0776            100           2
                         0800-1EFF            100
        IDLOC            2000-2003              4           2
        RAM              0020-006F             50           1
                         00A0-00EF             50
                         0110-016F             60
                         0190-01E4             55
        SFR0             0000-001F             20           1
        SFR1             0080-009F             20           1
        SFR2             0100-010F             10           1
        SFR3             0180-018F             10           1
        STRCODE          001B-0776            75C           2
                         0800-1EFF           1700
        STRING           001B-0776            100           2
                         0800-1EFF            100

                                  Symbol Table

_PORTC                   (abs)        0007
_PORTDbits               (abs)        0008
_TRISC                   (abs)        0087
_TRISD                   (abs)        0088
__H__absolute__          __absolute__ 0000
__Habs1                  abs1         0000
__Hbank0                 bank0        0000
__Hbank1                 bank1        0000
__Hbank2                 bank2        0000
__Hbank3                 bank3        0000
__Hcinit                 cinit        0800
__Hclrtext               clrtext      0000
__Hcode                  code         0000
__Hcommon                common       0000
__Hconfig                config       2008
__HcstackCOMMON          cstackCOMMON 0000
__Heeprom_data           eeprom_data  0000
__Hend_init              end_init     0004
__Hfunctab               functab      0000
__Hinit                  init         0001
__Hintentry              intentry     0001
__Hmaintext              maintext     0000
__Hpowerup               powerup      0000
__Hram                   ram          0000
__Hreset_vec             reset_vec    0001
__Hsfr0                  sfr0         0000
__Hsfr1                  sfr1         0000
__Hsfr2                  sfr2         0000
__Hsfr3                  sfr3         0000
__Hspace_0               (abs)        0800
__Hspace_1               (abs)        0077
__Hspace_2               (abs)        0000
__Hspace_3               (abs)        0000
__Hspace_4               (abs)        400F
__Hstack                 stack        0000
__Hstrings               strings      0000
__Htext                  text         0000
__L__absolute__          __absolute__ 0000
__Labs1                  abs1         0000
__Lbank0                 bank0        0000
__Lbank1                 bank1        0000
__Lbank2                 bank2        0000
__Lbank3                 bank3        0000
__Lcinit                 cinit        07FC
__Lclrtext               clrtext      0000
__Lcode                  code         0000
__Lcommon                common       0000
__Lconfig                config       0000
__LcstackCOMMON          cstackCOMMON 0000
__Leeprom_data           eeprom_data  0000
__Lend_init              end_init     0001
__Lfunctab               functab      0000
__Linit                  init         0001
__Lintentry              intentry     0001
__Lmaintext              maintext     0000
__Lpowerup               powerup      0000
__Lram                   ram          0000
__Lreset_vec             reset_vec    0000
__Lsfr0                  sfr0         0000
__Lsfr1                  sfr1         0000
__Lsfr2                  sfr2         0000
__Lsfr3                  sfr3         0000
__Lspace_0               (abs)        0000
__Lspace_1               (abs)        0000
__Lspace_2               (abs)        0000
__Lspace_3               (abs)        0000
__Lspace_4               (abs)        0000
__Lstack                 stack        0000
__Lstrings               strings      0000
__Ltext                  text         0000
__S0                     (abs)        0800
__S1                     (abs)        0077
__S3                     (abs)        0000
___int_sp                stack        0000
___latbits               (abs)        0002
___sp                    stack        0000
___stackhi               (abs)        0000
___stacklo               (abs)        0000
__end_of__initialization cinit        07FC
__end_of__stringtab      strings      000A
__end_of_lcd_command     text4        078B
__end_of_lcd_data        text2        079F
__end_of_lcd_initialise  text3        07B8
__end_of_lcd_string      text1        07D3
__end_of_main            maintext     07FC
__initialization         cinit        07FC
__pcstackCOMMON          cstackCOMMON 0071
__pmaintext              maintext     07D3
__pstrings               strings      0004
__ptext1                 text1        07B8
__ptext2                 text2        078B
__ptext3                 text3        079F
__ptext4                 text4        0777
__stringbase             strings      0009
__stringtab              strings      0004
_lcd_command             text4        0777
_lcd_data                text2        078B
_lcd_initialise          text3        079F
_lcd_string              text1        07B8
_main                    maintext     07D3
btemp                    (abs)        007E
end_of_initialization    cinit        07FC
intlevel0                functab      0000
intlevel1                functab      0000
intlevel2                functab      0000
intlevel3                functab      0000
intlevel4                functab      0000
intlevel5                functab      0000
lcd_command@cmd          cstackCOMMON 0073
lcd_data@data            cstackCOMMON 0073
lcd_string@i             cstackCOMMON 0076
lcd_string@num           cstackCOMMON 0074
lcd_string@str           cstackCOMMON 0075
reset_vec                reset_vec    0000
start                    init         0001
start_initialization     cinit        07FC
wtemp0                   (abs)        007E


MODULE INFORMATION

Module		Function		Class		Link	Load	Size
shared
		__stringtab    		STRING         	0004	0000	6
		__initialization		CODE           	07FC	0000	1

shared estimated size: 7

lcd16x2.c
		_lcd_command   		CODE           	0777	0000	20
		_lcd_data      		CODE           	078B	0000	20
		_lcd_initialise		CODE           	079F	0000	25
		_main          		CODE           	07D3	0000	41
		_lcd_string    		CODE           	07B8	0000	27

lcd16x2.c estimated size: 133

